$ vi cos.c

#include <stdio.h>
#include <math.h>

int main()
{
	printf("%.17g", cos(0.5));
}

===============================================================================

$ gcc -o cos cos.c
	compile ./cos program
	
===============================================================================

$ ./cos
	0.87758256189037276
	
==============================================================================

$ ldd ./cos
	linux-vdso.so.1 =>  (0x00007ffe45f47000)
	libc.so.6 => /lib64/libc.so.6 (0x00000036b0e00000)
	/lib64/ld-linux-x86-64.so.2 (0x00000036b0a00000)
	
===============================================================================

$ strace ./cos

execve("./cos", ["./cos"], [/* 34 vars */]) = 0
brk(0)                                  = 0x1462000
mmap(NULL, 4096, PROT_READ|PROT_WRITE, MAP_PRIVATE|MAP_ANONYMOUS, -1, 0) = 0x7f0d8e763000
access("/etc/ld.so.preload", R_OK)      = -1 ENOENT (No such file or directory)
open("/etc/ld.so.cache", O_RDONLY)      = 3
fstat(3, {st_mode=S_IFREG|0644, st_size=175239, ...}) = 0
mmap(NULL, 175239, PROT_READ, MAP_PRIVATE, 3, 0) = 0x7f0d8e738000
close(3)                                = 0
open("/lib64/libc.so.6", O_RDONLY)      = 3
read(3, "\177ELF\2\1\1\3\0\0\0\0\0\0\0\0\3\0>\0\1\0\0\0p\356\341\2606\0\0\0"..., 832) = 832
fstat(3, {st_mode=S_IFREG|0755, st_size=1926520, ...}) = 0
mmap(0x36b0e00000, 3750152, PROT_READ|PROT_EXEC, MAP_PRIVATE|MAP_DENYWRITE, 3, 0) = 0x36b0e00000
mprotect(0x36b0f8a000, 2097152, PROT_NONE) = 0
mmap(0x36b118a000, 20480, PROT_READ|PROT_WRITE, MAP_PRIVATE|MAP_FIXED|MAP_DENYWRITE, 3, 0x18a000) = 0x36b118a000
mmap(0x36b118f000, 18696, PROT_READ|PROT_WRITE, MAP_PRIVATE|MAP_FIXED|MAP_ANONYMOUS, -1, 0) = 0x36b118f000
close(3)                                = 0
mmap(NULL, 4096, PROT_READ|PROT_WRITE, MAP_PRIVATE|MAP_ANONYMOUS, -1, 0) = 0x7f0d8e737000
mmap(NULL, 4096, PROT_READ|PROT_WRITE, MAP_PRIVATE|MAP_ANONYMOUS, -1, 0) = 0x7f0d8e736000
mmap(NULL, 4096, PROT_READ|PROT_WRITE, MAP_PRIVATE|MAP_ANONYMOUS, -1, 0) = 0x7f0d8e735000
arch_prctl(ARCH_SET_FS, 0x7f0d8e736700) = 0
mprotect(0x36b118a000, 16384, PROT_READ) = 0
mprotect(0x36b0c1f000, 4096, PROT_READ) = 0
munmap(0x7f0d8e738000, 175239)          = 0
fstat(1, {st_mode=S_IFCHR|0620, st_rdev=makedev(136, 2), ...}) = 0
mmap(NULL, 4096, PROT_READ|PROT_WRITE, MAP_PRIVATE|MAP_ANONYMOUS, -1, 0) = 0x7f0d8e762000
write(1, "0.87758256189037276", 190.87758256189037276)     = 19
exit_group(19)                          = ?
+++ exited with 19 +++

===============================================================================

$ ls /usr/bin | awk 'NR%101==104477818%101'

aplaymidi
bzr
config_data
db_upgrade
eject
firefox
gftodvi
gnomevfs-df
gthumb-importer
hpcdtoppm
iproxy
kdesvn-build
ksysguardd
lscpu
mkfontdir
nail
opreport
pango-querymodules-64
pdfopt
pilot-read-notepad
pnmtosgi
proxy
raw2tiff
rpmdev-sha1
setup
sprof
test-moniker
update-gdk-pixbuf-loaders
xclipboard
xzdec

===============================================================================
$ cd /usr/bin
	go to the directory where the commands locate in
	
$ ldd aplaymidi
        linux-vdso.so.1 =>  (0x00007ffe18971000)
        libasound.so.2 => /lib64/libasound.so.2 (0x00000036baa00000)
        libm.so.6 => /lib64/libm.so.6 (0x00000036b1200000)
        libdl.so.2 => /lib64/libdl.so.2 (0x00000036b1a00000)
        libpthread.so.0 => /lib64/libpthread.so.0 (0x00000036b1600000)
        libc.so.6 => /lib64/libc.so.6 (0x00000036b0e00000)
        librt.so.1 => /lib64/librt.so.1 (0x00000036b2200000)
        /lib64/ld-linux-x86-64.so.2 (0x00000036b0a00000)

$ ldd bzr
        not a dynamic executable

$ ldd config_data
        not a dynamic executable

$ ldd db_upgrade
        linux-vdso.so.1 =>  (0x00007ffc4b167000)
        libdb-4.7.so => /usr/lib64/libdb-4.7.so (0x00000036b8600000)
        libpthread.so.0 => /lib64/libpthread.so.0 (0x00000036b1600000)
        libc.so.6 => /lib64/libc.so.6 (0x00000036b0e00000)
        /lib64/ld-linux-x86-64.so.2 (0x00000036b0a00000)

$ ldd eject
        linux-vdso.so.1 =>  (0x00007fffee9eb000)
        libglib-2.0.so.0 => /lib64/libglib-2.0.so.0 (0x00000036b2600000)
        libc.so.6 => /lib64/libc.so.6 (0x00000036b0e00000)
        librt.so.1 => /lib64/librt.so.1 (0x00000036b2200000)
        /lib64/ld-linux-x86-64.so.2 (0x00000036b0a00000)
        libpthread.so.0 => /lib64/libpthread.so.0 (0x00000036b1600000)

$ ldd firefox
        not a dynamic executable

$ ldd gftodvi
        linux-vdso.so.1 =>  (0x00007ffea01b4000)
        libkpathsea.so.4 => /usr/lib64/libkpathsea.so.4 (0x00000036b1600000)
        libm.so.6 => /lib64/libm.so.6 (0x00000036b1200000)
        libc.so.6 => /lib64/libc.so.6 (0x00000036b0e00000)
        /lib64/ld-linux-x86-64.so.2 (0x00000036b0a00000)

$ ldd gnomevfs-df
		linux-vdso.so.1 =>  (0x00007ffe1191a000)
        libgnomevfs-2.so.0 => /usr/lib64/libgnomevfs-2.so.0 (0x00000036c5600000)
        libgmodule-2.0.so.0 => /lib64/libgmodule-2.0.so.0 (0x00000036b7600000)
        libxml2.so.2 => /usr/lib64/libxml2.so.2 (0x00000036bc600000)
        libdbus-glib-1.so.2 => /usr/lib64/libdbus-glib-1.so.2 (0x00000036bf200000)
        libdbus-1.so.3 => /lib64/libdbus-1.so.3 (0x00000036b6e00000)
        libpthread.so.0 => /lib64/libpthread.so.0 (0x00000036b1600000)
        libgobject-2.0.so.0 => /lib64/libgobject-2.0.so.0 (0x00000036b3600000)
        libssl.so.10 => /usr/lib64/libssl.so.10 (0x00000036be200000)
        libcrypto.so.10 => /usr/lib64/libcrypto.so.10 (0x00000036bd600000)
        libdl.so.2 => /lib64/libdl.so.2 (0x00000036b1a00000)
        libz.so.1 => /lib64/libz.so.1 (0x00000036b1e00000)
        libavahi-glib.so.1 => /usr/lib64/libavahi-glib.so.1 (0x00000036c6000000)
        libavahi-common.so.3 => /usr/lib64/libavahi-common.so.3 (0x00000036c4200000)
        libavahi-client.so.3 => /usr/lib64/libavahi-client.so.3 (0x00000036c3e00000)
        libresolv.so.2 => /lib64/libresolv.so.2 (0x00000036b2e00000)
        libgconf-2.so.4 => /usr/lib64/libgconf-2.so.4 (0x00000036c0e00000)
        libgthread-2.0.so.0 => /lib64/libgthread-2.0.so.0 (0x00000036b3200000)
        libglib-2.0.so.0 => /lib64/libglib-2.0.so.0 (0x00000036b2600000)
        libselinux.so.1 => /lib64/libselinux.so.1 (0x00000036b2a00000)
        libutil.so.1 => /lib64/libutil.so.1 (0x00000036bfa00000)
        librt.so.1 => /lib64/librt.so.1 (0x00000036b2200000)
        libc.so.6 => /lib64/libc.so.6 (0x00000036b0e00000)
        libm.so.6 => /lib64/libm.so.6 (0x00000036b1200000)
        /lib64/ld-linux-x86-64.so.2 (0x00000036b0a00000)
        libgssapi_krb5.so.2 => /lib64/libgssapi_krb5.so.2 (0x00000036bde00000)
        libkrb5.so.3 => /lib64/libkrb5.so.3 (0x00000036bce00000)
        libcom_err.so.2 => /lib64/libcom_err.so.2 (0x00000036baa00000)
        libk5crypto.so.3 => /lib64/libk5crypto.so.3 (0x00000036bd200000)
        libORBit-2.so.0 => /usr/lib64/libORBit-2.so.0 (0x00000036c0a00000)
        libkrb5support.so.0 => /lib64/libkrb5support.so.0 (0x00000036bca00000)
        libkeyutils.so.1 => /lib64/libkeyutils.so.1 (0x00000036bda00000)

$ ldd gthumb-importer
        not a dynamic executable

$ ldd hpcdtoppm
        not a dynamic executable

$ ldd iproxy
        linux-vdso.so.1 =>  (0x00007ffc86ff2000)
        libusbmuxd.so.1 => /usr/lib64/libusbmuxd.so.1 (0x00000036b4600000)
        libpthread.so.0 => /lib64/libpthread.so.0 (0x00000036b1600000)
        libc.so.6 => /lib64/libc.so.6 (0x00000036b0e00000)
        /lib64/ld-linux-x86-64.so.2 (0x00000036b0a00000)

$ ldd kdesvn-build
        not a dynamic executable

$ ldd ksysguardd
        linux-vdso.so.1 =>  (0x00007ffed49f4000)
        libsensors.so.4 => /usr/lib64/libsensors.so.4 (0x00000036b1e00000)
        libc.so.6 => /lib64/libc.so.6 (0x00000036b0e00000)
        libm.so.6 => /lib64/libm.so.6 (0x00000036b1200000)
        /lib64/ld-linux-x86-64.so.2 (0x00000036b0a00000)

$ ldd lscpu
        linux-vdso.so.1 =>  (0x00007ffd57f9d000)
        libc.so.6 => /lib64/libc.so.6 (0x00000036b0e00000)
        /lib64/ld-linux-x86-64.so.2 (0x00000036b0a00000)

$ ldd mkfontdir
        not a dynamic executable

$ ldd nail
        linux-vdso.so.1 =>  (0x00007ffe5a5b5000)
        libgssapi_krb5.so.2 => /lib64/libgssapi_krb5.so.2 (0x00000036bde00000)
        libsmime3.so => /usr/lib64/libsmime3.so (0x00000036c3200000)
        libnss3.so => /usr/lib64/libnss3.so (0x00000036c2a00000)
        libssl3.so => /usr/lib64/libssl3.so (0x00000036c3600000)
        libnspr4.so => /lib64/libnspr4.so (0x00000036c1200000)
        libplc4.so => /lib64/libplc4.so (0x00000036c2600000)
        libc.so.6 => /lib64/libc.so.6 (0x00000036b0e00000)
        libkrb5.so.3 => /lib64/libkrb5.so.3 (0x00000036bce00000)
        libk5crypto.so.3 => /lib64/libk5crypto.so.3 (0x00000036bd200000)
        libcom_err.so.2 => /lib64/libcom_err.so.2 (0x00000036baa00000)
        libkrb5support.so.0 => /lib64/libkrb5support.so.0 (0x00000036bca00000)
        libdl.so.2 => /lib64/libdl.so.2 (0x00000036b1a00000)
        libkeyutils.so.1 => /lib64/libkeyutils.so.1 (0x00000036bda00000)
        libresolv.so.2 => /lib64/libresolv.so.2 (0x00000036b2e00000)
        libnssutil3.so => /usr/lib64/libnssutil3.so (0x00000036c1600000)
        libplds4.so => /lib64/libplds4.so (0x00000036c2200000)
        libpthread.so.0 => /lib64/libpthread.so.0 (0x00000036b1600000)
        libz.so.1 => /lib64/libz.so.1 (0x00000036b1e00000)
        librt.so.1 => /lib64/librt.so.1 (0x00000036b2200000)
        /lib64/ld-linux-x86-64.so.2 (0x00000036b0a00000)
        libselinux.so.1 => /lib64/libselinux.so.1 (0x00000036b2a00000)

$ ldd opreport
        linux-vdso.so.1 =>  (0x00007ffc772fd000)
        libpopt.so.0 => /lib64/libpopt.so.0 (0x00000036c2e00000)
        libz.so.1 => /lib64/libz.so.1 (0x00000036b1e00000)
        libdl.so.2 => /lib64/libdl.so.2 (0x00000036b1a00000)
        libstdc++.so.6 => /usr/lib64/libstdc++.so.6 (0x00000036b7e00000)
        libm.so.6 => /lib64/libm.so.6 (0x00000036b1200000)
        libgcc_s.so.1 => /lib64/libgcc_s.so.1 (0x00000036b7a00000)
        libc.so.6 => /lib64/libc.so.6 (0x00000036b0e00000)
        /lib64/ld-linux-x86-64.so.2 (0x00000036b0a00000)

$ ldd pango-querymodules-64
        linux-vdso.so.1 =>  (0x00007fffe3d76000)
        libpangox-1.0.so.0 => /usr/lib64/libpangox-1.0.so.0 (0x00000036b2e00000)
        libpangoxft-1.0.so.0 => /usr/lib64/libpangoxft-1.0.so.0 (0x00000036b2a00000)
        libpangoft2-1.0.so.0 => /usr/lib64/libpangoft2-1.0.so.0 (0x00000036b9200000)
        libXft.so.2 => /usr/lib64/libXft.so.2 (0x00000036c0600000)
        libXrender.so.1 => /usr/lib64/libXrender.so.1 (0x00000036b5a00000)
        libX11.so.6 => /usr/lib64/libX11.so.6 (0x00000036b3e00000)
        libpango-1.0.so.0 => /usr/lib64/libpango-1.0.so.0 (0x00000036b9a00000)
        libfreetype.so.6 => /usr/lib64/libfreetype.so.6 (0x00000036b4e00000)
        libfontconfig.so.1 => /usr/lib64/libfontconfig.so.1 (0x00000036b5200000)
        libm.so.6 => /lib64/libm.so.6 (0x00000036b1200000)
        libgobject-2.0.so.0 => /lib64/libgobject-2.0.so.0 (0x00000036b3600000)
        libgthread-2.0.so.0 => /lib64/libgthread-2.0.so.0 (0x00000036b3200000)
        libgmodule-2.0.so.0 => /lib64/libgmodule-2.0.so.0 (0x00000036b7600000)
        librt.so.1 => /lib64/librt.so.1 (0x00000036b2200000)
        libglib-2.0.so.0 => /lib64/libglib-2.0.so.0 (0x00000036b2600000)
        libpthread.so.0 => /lib64/libpthread.so.0 (0x00000036b1600000)
        libc.so.6 => /lib64/libc.so.6 (0x00000036b0e00000)
        libxcb.so.1 => /usr/lib64/libxcb.so.1 (0x00000036b3a00000)
        libdl.so.2 => /lib64/libdl.so.2 (0x00000036b1a00000)
        libexpat.so.1 => /lib64/libexpat.so.1 (0x00000036b4a00000)
        /lib64/ld-linux-x86-64.so.2 (0x00000036b0a00000)
        libXau.so.6 => /usr/lib64/libXau.so.6 (0x00000036b4200000)

$ ldd pdfopt
        not a dynamic executable

$ ldd pilot-read-notepad
        linux-vdso.so.1 =>  (0x00007ffe201da000)
        libpng12.so.0 => /usr/lib64/libpng12.so.0 (0x00000036b5600000)
        libpisock.so.9 => /usr/lib64/libpisock.so.9 (0x00000036b8a00000)
        libusb-0.1.so.4 => /usr/lib64/libusb-0.1.so.4 (0x00000036c1600000)
        libpthread.so.0 => /lib64/libpthread.so.0 (0x00000036b1600000)
        libbluetooth.so.3 => /usr/lib64/libbluetooth.so.3 (0x00000036bea00000)
        libc.so.6 => /lib64/libc.so.6 (0x00000036b0e00000)
        libz.so.1 => /lib64/libz.so.1 (0x00000036b1e00000)
        libm.so.6 => /lib64/libm.so.6 (0x00000036b1200000)
        /lib64/ld-linux-x86-64.so.2 (0x00000036b0a00000)

$ ldd pnmtosgi
        linux-vdso.so.1 =>  (0x00007fff2cdc1000)
        libm.so.6 => /lib64/libm.so.6 (0x00000036b1200000)
        libnetpbm.so.10 => /usr/lib64/libnetpbm.so.10 (0x00000036b1600000)
        libc.so.6 => /lib64/libc.so.6 (0x00000036b0e00000)
        /lib64/ld-linux-x86-64.so.2 (0x00000036b0a00000)

$ ldd proxy
        linux-vdso.so.1 =>  (0x00007fffaddb3000)
        libproxy.so.0 => /usr/lib64/libproxy.so.0 (0x00000036c7400000)
        libpthread.so.0 => /lib64/libpthread.so.0 (0x00000036b1600000)
        libm.so.6 => /lib64/libm.so.6 (0x00000036b1200000)
        libdl.so.2 => /lib64/libdl.so.2 (0x00000036b1a00000)
        libc.so.6 => /lib64/libc.so.6 (0x00000036b0e00000)
        /lib64/ld-linux-x86-64.so.2 (0x00000036b0a00000)

$ ldd raw2tiff
        linux-vdso.so.1 =>  (0x00007fffa7fc4000)
        libtiff.so.3 => /usr/lib64/libtiff.so.3 (0x00000036bfe00000)
        libjpeg.so.62 => /usr/lib64/libjpeg.so.62 (0x00000036c1a00000)
        libz.so.1 => /lib64/libz.so.1 (0x00000036b1e00000)
        libm.so.6 => /lib64/libm.so.6 (0x00000036b1200000)
        libc.so.6 => /lib64/libc.so.6 (0x00000036b0e00000)
        /lib64/ld-linux-x86-64.so.2 (0x00000036b0a00000)

$ ldd rpmdev-sha1
        not a dynamic executable

$ ldd setup
        linux-vdso.so.1 =>  (0x00007ffd2a5b4000)
        libglib-2.0.so.0 => /lib64/libglib-2.0.so.0 (0x00000036b2600000)
        libc.so.6 => /lib64/libc.so.6 (0x00000036b0e00000)
        librt.so.1 => /lib64/librt.so.1 (0x00000036b2200000)
        /lib64/ld-linux-x86-64.so.2 (0x00000036b0a00000)
        libpthread.so.0 => /lib64/libpthread.so.0 (0x00000036b1600000)
		
$ ldd sprof
        linux-vdso.so.1 =>  (0x00007ffc3853c000)
        libdl.so.2 => /lib64/libdl.so.2 (0x00000036b1a00000)
        libc.so.6 => /lib64/libc.so.6 (0x00000036b0e00000)
        /lib64/ld-linux-x86-64.so.2 (0x00000036b0a00000)

$ ldd test-moniker
        linux-vdso.so.1 =>  (0x00007ffe834d9000)
        libbonoboui-2.so.0 => /usr/lib64/libbonoboui-2.so.0 (0x00000036c8000000)
        libSM.so.6 => /usr/lib64/libSM.so.6 (0x00000036b9600000)
        libICE.so.6 => /usr/lib64/libICE.so.6 (0x00000036bbe00000)
        libX11.so.6 => /usr/lib64/libX11.so.6 (0x00000036b3e00000)
        libgnomecanvas-2.so.0 => /usr/lib64/libgnomecanvas-2.so.0 (0x00000036c7800000)
        libart_lgpl_2.so.2 => /usr/lib64/libart_lgpl_2.so.2 (0x00000036c4a00000)
        libgnome-2.so.0 => /usr/lib64/libgnome-2.so.0 (0x00000036c7c00000)
        libpopt.so.0 => /lib64/libpopt.so.0 (0x00000036c2e00000)
        libbonobo-2.so.0 => /usr/lib64/libbonobo-2.so.0 (0x00000036c0600000)
        libbonobo-activation.so.4 => /usr/lib64/libbonobo-activation.so.4 (0x00000036bee00000)
        libORBit-2.so.0 => /usr/lib64/libORBit-2.so.0 (0x00000036c0a00000)
        libgthread-2.0.so.0 => /lib64/libgthread-2.0.so.0 (0x00000036b3200000)
        librt.so.1 => /lib64/librt.so.1 (0x00000036b2200000)
        libxml2.so.2 => /usr/lib64/libxml2.so.2 (0x00000036bc600000)
        libgconf-2.so.4 => /usr/lib64/libgconf-2.so.4 (0x00000036c0e00000)
        libgtk-x11-2.0.so.0 => /usr/lib64/libgtk-x11-2.0.so.0 (0x00000036bb600000)
        libgdk-x11-2.0.so.0 => /usr/lib64/libgdk-x11-2.0.so.0 (0x00000036bb200000)
        libatk-1.0.so.0 => /usr/lib64/libatk-1.0.so.0 (0x00000036bae00000)
        libgio-2.0.so.0 => /lib64/libgio-2.0.so.0 (0x00000036b8200000)
        libpangoft2-1.0.so.0 => /usr/lib64/libpangoft2-1.0.so.0 (0x00000036b9200000)
        libgdk_pixbuf-2.0.so.0 => /usr/lib64/libgdk_pixbuf-2.0.so.0 (0x00000036ba600000)
        libpangocairo-1.0.so.0 => /usr/lib64/libpangocairo-1.0.so.0 (0x00000036bc200000)
        libcairo.so.2 => /usr/lib64/libcairo.so.2 (0x00000036b9e00000)
        libpango-1.0.so.0 => /usr/lib64/libpango-1.0.so.0 (0x00000036b9a00000)
        libfreetype.so.6 => /usr/lib64/libfreetype.so.6 (0x00000036b4e00000)
        libfontconfig.so.1 => /usr/lib64/libfontconfig.so.1 (0x00000036b5200000)
        libgmodule-2.0.so.0 => /lib64/libgmodule-2.0.so.0 (0x00000036b7600000)
        libgobject-2.0.so.0 => /lib64/libgobject-2.0.so.0 (0x00000036b3600000)
        libglib-2.0.so.0 => /lib64/libglib-2.0.so.0 (0x00000036b2600000)
        libpthread.so.0 => /lib64/libpthread.so.0 (0x00000036b1600000)
        libc.so.6 => /lib64/libc.so.6 (0x00000036b0e00000)
        libuuid.so.1 => /lib64/libuuid.so.1 (0x00000036b8600000)
        libxcb.so.1 => /usr/lib64/libxcb.so.1 (0x00000036b3a00000)
        libdl.so.2 => /lib64/libdl.so.2 (0x00000036b1a00000)
        libgailutil.so.18 => /usr/lib64/libgailutil.so.18 (0x00000036c5a00000)
        libm.so.6 => /lib64/libm.so.6 (0x00000036b1200000)
        libgnomevfs-2.so.0 => /usr/lib64/libgnomevfs-2.so.0 (0x00000036c5600000)
        libORBitCosNaming-2.so.0 => /usr/lib64/libORBitCosNaming-2.so.0 (0x00000036c0200000)
        /lib64/ld-linux-x86-64.so.2 (0x00000036b0a00000)
        libz.so.1 => /lib64/libz.so.1 (0x00000036b1e00000)
        libdbus-1.so.3 => /lib64/libdbus-1.so.3 (0x00000036b6e00000)
        libXfixes.so.3 => /usr/lib64/libXfixes.so.3 (0x00000036b6200000)
        libXext.so.6 => /usr/lib64/libXext.so.6 (0x00000036b4600000)
        libXrender.so.1 => /usr/lib64/libXrender.so.1 (0x00000036b5a00000)
        libXinerama.so.1 => /usr/lib64/libXinerama.so.1 (0x00000036b6600000)
        libXi.so.6 => /usr/lib64/libXi.so.6 (0x00000036b5e00000)
        libXrandr.so.2 => /usr/lib64/libXrandr.so.2 (0x00000036b6a00000)
        libXcursor.so.1 => /usr/lib64/libXcursor.so.1 (0x00000036b7200000)
        libXcomposite.so.1 => /usr/lib64/libXcomposite.so.1 (0x00000036b8e00000)
        libXdamage.so.1 => /usr/lib64/libXdamage.so.1 (0x00000036b8a00000)
        libresolv.so.2 => /lib64/libresolv.so.2 (0x00000036b2e00000)
        libselinux.so.1 => /lib64/libselinux.so.1 (0x00000036b2a00000)
        libpng12.so.0 => /usr/lib64/libpng12.so.0 (0x00000036b5600000)
        libpixman-1.so.0 => /usr/lib64/libpixman-1.so.0 (0x00000036ba200000)
        libexpat.so.1 => /lib64/libexpat.so.1 (0x00000036b4a00000)
        libXau.so.6 => /usr/lib64/libXau.so.6 (0x00000036b4200000)
        libdbus-glib-1.so.2 => /usr/lib64/libdbus-glib-1.so.2 (0x00000036bf200000)
        libssl.so.10 => /usr/lib64/libssl.so.10 (0x00000036be200000)
        libcrypto.so.10 => /usr/lib64/libcrypto.so.10 (0x00000036bd600000)
        libavahi-glib.so.1 => /usr/lib64/libavahi-glib.so.1 (0x00000036c6000000)
        libavahi-common.so.3 => /usr/lib64/libavahi-common.so.3 (0x00000036c4200000)
        libavahi-client.so.3 => /usr/lib64/libavahi-client.so.3 (0x00000036c3e00000)
        libutil.so.1 => /lib64/libutil.so.1 (0x00000036bfa00000)
        libgssapi_krb5.so.2 => /lib64/libgssapi_krb5.so.2 (0x00000036bde00000)
        libkrb5.so.3 => /lib64/libkrb5.so.3 (0x00000036bce00000)
        libcom_err.so.2 => /lib64/libcom_err.so.2 (0x00000036baa00000)
        libk5crypto.so.3 => /lib64/libk5crypto.so.3 (0x00000036bd200000)
        libkrb5support.so.0 => /lib64/libkrb5support.so.0 (0x00000036bca00000)
        libkeyutils.so.1 => /lib64/libkeyutils.so.1 (0x00000036bda00000)

$ ldd update-gdk-pixbuf-loaders
        not a dynamic executable

$ ldd xclipboard
        linux-vdso.so.1 =>  (0x00007ffc8dd94000)
        libXaw.so.7 => /usr/lib64/libXaw.so.7 (0x00000036b1600000)
        libXmu.so.6 => /usr/lib64/libXmu.so.6 (0x00000036b7a00000)
        libXt.so.6 => /usr/lib64/libXt.so.6 (0x00000036c0200000)
        libX11.so.6 => /usr/lib64/libX11.so.6 (0x00000036b3e00000)
        libxkbfile.so.1 => /usr/lib64/libxkbfile.so.1 (0x00000036c2200000)
        libc.so.6 => /lib64/libc.so.6 (0x00000036b0e00000)
        libXext.so.6 => /usr/lib64/libXext.so.6 (0x00000036b4600000)
        libXpm.so.4 => /usr/lib64/libXpm.so.4 (0x00000036bf200000)
        libSM.so.6 => /usr/lib64/libSM.so.6 (0x00000036b9600000)
        libICE.so.6 => /usr/lib64/libICE.so.6 (0x00000036bbe00000)
        libxcb.so.1 => /usr/lib64/libxcb.so.1 (0x00000036b3a00000)
        libdl.so.2 => /lib64/libdl.so.2 (0x00000036b1a00000)
        /lib64/ld-linux-x86-64.so.2 (0x00000036b0a00000)
        libuuid.so.1 => /lib64/libuuid.so.1 (0x00000036b8600000)
        libXau.so.6 => /usr/lib64/libXau.so.6 (0x00000036b4200000)

$ ldd xzdec
        linux-vdso.so.1 =>  (0x00007ffd09be7000)
        liblzma.so.0 => /usr/lib64/liblzma.so.0 (0x00000036bee00000)
        libpthread.so.0 => /lib64/libpthread.so.0 (0x00000036b1600000)
        libc.so.6 => /lib64/libc.so.6 (0x00000036b0e00000)
        /lib64/ld-linux-x86-64.so.2 (0x00000036b0a00000)
 
===============================================================================
I put all the commands into a text file commands.txt

$ cat ~/CS35L/week9/commands.txt | sed 's/^\s*//g' <  | sed '/^n/d' | sort -u > ~/CS35L/week9/output.txt

The following is the result of the sorted list of every dynamic library:

/lib64/ld-linux-x86-64.so.2 (0x00000036b0a00000)
libICE.so.6 => /usr/lib64/libICE.so.6 (0x00000036bbe00000)
libORBit-2.so.0 => /usr/lib64/libORBit-2.so.0 (0x00000036c0a00000)
libORBitCosNaming-2.so.0 => /usr/lib64/libORBitCosNaming-2.so.0 (0x00000036c0200000)
libSM.so.6 => /usr/lib64/libSM.so.6 (0x00000036b9600000)
libX11.so.6 => /usr/lib64/libX11.so.6 (0x00000036b3e00000)
libXau.so.6 => /usr/lib64/libXau.so.6 (0x00000036b4200000)
libXaw.so.7 => /usr/lib64/libXaw.so.7 (0x00000036b1600000)
libXcomposite.so.1 => /usr/lib64/libXcomposite.so.1 (0x00000036b8e00000)
libXcursor.so.1 => /usr/lib64/libXcursor.so.1 (0x00000036b7200000)
libXdamage.so.1 => /usr/lib64/libXdamage.so.1 (0x00000036b8a00000)
libXext.so.6 => /usr/lib64/libXext.so.6 (0x00000036b4600000)
libXfixes.so.3 => /usr/lib64/libXfixes.so.3 (0x00000036b6200000)
libXft.so.2 => /usr/lib64/libXft.so.2 (0x00000036c0600000)
libXi.so.6 => /usr/lib64/libXi.so.6 (0x00000036b5e00000)
libXinerama.so.1 => /usr/lib64/libXinerama.so.1 (0x00000036b6600000)
libXmu.so.6 => /usr/lib64/libXmu.so.6 (0x00000036b7a00000)
libXpm.so.4 => /usr/lib64/libXpm.so.4 (0x00000036bf200000)
libXrandr.so.2 => /usr/lib64/libXrandr.so.2 (0x00000036b6a00000)
libXrender.so.1 => /usr/lib64/libXrender.so.1 (0x00000036b5a00000)
libXt.so.6 => /usr/lib64/libXt.so.6 (0x00000036c0200000)
libart_lgpl_2.so.2 => /usr/lib64/libart_lgpl_2.so.2 (0x00000036c4a00000)
libasound.so.2 => /lib64/libasound.so.2 (0x00000036baa00000)
libatk-1.0.so.0 => /usr/lib64/libatk-1.0.so.0 (0x00000036bae00000)
libavahi-client.so.3 => /usr/lib64/libavahi-client.so.3 (0x00000036c3e00000)
libavahi-common.so.3 => /usr/lib64/libavahi-common.so.3 (0x00000036c4200000)
libavahi-glib.so.1 => /usr/lib64/libavahi-glib.so.1 (0x00000036c6000000)
libbluetooth.so.3 => /usr/lib64/libbluetooth.so.3 (0x00000036bea00000)
libbonobo-2.so.0 => /usr/lib64/libbonobo-2.so.0 (0x00000036c0600000)
libbonobo-activation.so.4 => /usr/lib64/libbonobo-activation.so.4 (0x00000036bee00000)
libbonoboui-2.so.0 => /usr/lib64/libbonoboui-2.so.0 (0x00000036c8000000)
libc.so.6 => /lib64/libc.so.6 (0x00000036b0e00000)
libcairo.so.2 => /usr/lib64/libcairo.so.2 (0x00000036b9e00000)
libcom_err.so.2 => /lib64/libcom_err.so.2 (0x00000036baa00000)
libcrypto.so.10 => /usr/lib64/libcrypto.so.10 (0x00000036bd600000)
libdb-4.7.so => /usr/lib64/libdb-4.7.so (0x00000036b8600000)
libdbus-1.so.3 => /lib64/libdbus-1.so.3 (0x00000036b6e00000)
libdbus-glib-1.so.2 => /usr/lib64/libdbus-glib-1.so.2 (0x00000036bf200000)
libdl.so.2 => /lib64/libdl.so.2 (0x00000036b1a00000)
libexpat.so.1 => /lib64/libexpat.so.1 (0x00000036b4a00000)
libfontconfig.so.1 => /usr/lib64/libfontconfig.so.1 (0x00000036b5200000)
libfreetype.so.6 => /usr/lib64/libfreetype.so.6 (0x00000036b4e00000)
libgailutil.so.18 => /usr/lib64/libgailutil.so.18 (0x00000036c5a00000)
libgcc_s.so.1 => /lib64/libgcc_s.so.1 (0x00000036b7a00000)
libgconf-2.so.4 => /usr/lib64/libgconf-2.so.4 (0x00000036c0e00000)
libgdk-x11-2.0.so.0 => /usr/lib64/libgdk-x11-2.0.so.0 (0x00000036bb200000)
libgdk_pixbuf-2.0.so.0 => /usr/lib64/libgdk_pixbuf-2.0.so.0 (0x00000036ba600000)
libgio-2.0.so.0 => /lib64/libgio-2.0.so.0 (0x00000036b8200000)
libglib-2.0.so.0 => /lib64/libglib-2.0.so.0 (0x00000036b2600000)
libgmodule-2.0.so.0 => /lib64/libgmodule-2.0.so.0 (0x00000036b7600000)
libgnome-2.so.0 => /usr/lib64/libgnome-2.so.0 (0x00000036c7c00000)
libgnomecanvas-2.so.0 => /usr/lib64/libgnomecanvas-2.so.0 (0x00000036c7800000)
libgnomevfs-2.so.0 => /usr/lib64/libgnomevfs-2.so.0 (0x00000036c5600000)
libgobject-2.0.so.0 => /lib64/libgobject-2.0.so.0 (0x00000036b3600000)
libgssapi_krb5.so.2 => /lib64/libgssapi_krb5.so.2 (0x00000036bde00000)
libgthread-2.0.so.0 => /lib64/libgthread-2.0.so.0 (0x00000036b3200000)
libgtk-x11-2.0.so.0 => /usr/lib64/libgtk-x11-2.0.so.0 (0x00000036bb600000)
libjpeg.so.62 => /usr/lib64/libjpeg.so.62 (0x00000036c1a00000)
libk5crypto.so.3 => /lib64/libk5crypto.so.3 (0x00000036bd200000)
libkeyutils.so.1 => /lib64/libkeyutils.so.1 (0x00000036bda00000)
libkpathsea.so.4 => /usr/lib64/libkpathsea.so.4 (0x00000036b1600000)
libkrb5.so.3 => /lib64/libkrb5.so.3 (0x00000036bce00000)
libkrb5support.so.0 => /lib64/libkrb5support.so.0 (0x00000036bca00000)
liblzma.so.0 => /usr/lib64/liblzma.so.0 (0x00000036bee00000)
libm.so.6 => /lib64/libm.so.6 (0x00000036b1200000)
libnetpbm.so.10 => /usr/lib64/libnetpbm.so.10 (0x00000036b1600000)
libnspr4.so => /lib64/libnspr4.so (0x00000036c1200000)
libnss3.so => /usr/lib64/libnss3.so (0x00000036c2a00000)
libnssutil3.so => /usr/lib64/libnssutil3.so (0x00000036c1600000)
libpango-1.0.so.0 => /usr/lib64/libpango-1.0.so.0 (0x00000036b9a00000)
libpangocairo-1.0.so.0 => /usr/lib64/libpangocairo-1.0.so.0 (0x00000036bc200000)
libpangoft2-1.0.so.0 => /usr/lib64/libpangoft2-1.0.so.0 (0x00000036b9200000)
libpangox-1.0.so.0 => /usr/lib64/libpangox-1.0.so.0 (0x00000036b2e00000)
libpangoxft-1.0.so.0 => /usr/lib64/libpangoxft-1.0.so.0 (0x00000036b2a00000)
libpisock.so.9 => /usr/lib64/libpisock.so.9 (0x00000036b8a00000)
libpixman-1.so.0 => /usr/lib64/libpixman-1.so.0 (0x00000036ba200000)
libplc4.so => /lib64/libplc4.so (0x00000036c2600000)
libplds4.so => /lib64/libplds4.so (0x00000036c2200000)
libpng12.so.0 => /usr/lib64/libpng12.so.0 (0x00000036b5600000)
libpopt.so.0 => /lib64/libpopt.so.0 (0x00000036c2e00000)
libproxy.so.0 => /usr/lib64/libproxy.so.0 (0x00000036c7400000)
libpthread.so.0 => /lib64/libpthread.so.0 (0x00000036b1600000)
libresolv.so.2 => /lib64/libresolv.so.2 (0x00000036b2e00000)
librt.so.1 => /lib64/librt.so.1 (0x00000036b2200000)
libselinux.so.1 => /lib64/libselinux.so.1 (0x00000036b2a00000)
libsensors.so.4 => /usr/lib64/libsensors.so.4 (0x00000036b1e00000)
libsmime3.so => /usr/lib64/libsmime3.so (0x00000036c3200000)
libssl.so.10 => /usr/lib64/libssl.so.10 (0x00000036be200000)
libssl3.so => /usr/lib64/libssl3.so (0x00000036c3600000)
libstdc++.so.6 => /usr/lib64/libstdc++.so.6 (0x00000036b7e00000)
libtiff.so.3 => /usr/lib64/libtiff.so.3 (0x00000036bfe00000)
libusb-0.1.so.4 => /usr/lib64/libusb-0.1.so.4 (0x00000036c1600000)
libusbmuxd.so.1 => /usr/lib64/libusbmuxd.so.1 (0x00000036b4600000)
libutil.so.1 => /lib64/libutil.so.1 (0x00000036bfa00000)
libuuid.so.1 => /lib64/libuuid.so.1 (0x00000036b8600000)
libxcb.so.1 => /usr/lib64/libxcb.so.1 (0x00000036b3a00000)
libxkbfile.so.1 => /usr/lib64/libxkbfile.so.1 (0x00000036c2200000)
libxml2.so.2 => /usr/lib64/libxml2.so.2 (0x00000036bc600000)
libz.so.1 => /lib64/libz.so.1 (0x00000036b1e00000)
linux-vdso.so.1 =>  (0x00007ffc041e6000)


